../Core/Src/main.c:204:6:HAL_ADC_ConvCpltCallback	16	static
../Core/Src/main.c:211:6:HAL_ADC_ErrorCallback	16	static
../Core/Src/main.c:217:6:black_box_test	16	static
../Core/Src/main.c:234:6:component_test	8	static
../Core/Src/main.c:258:6:GPIO_Set_HighZ	48	static
../Core/Src/main.c:276:6:GPIO_Set_High	48	static
../Core/Src/main.c:298:6:GPIO_Set_Low	48	static
../Core/Src/main.c:313:6:Determine_component	288	static
../Core/Src/main.c:594:7:Find_tau_com	80	static
../Core/Src/main.c:645:5:steady_test	32	static
../Core/Src/main.c:653:5:analyze_Vpicture	40	static
../Core/Src/main.c:669:5:Analyze_trend	104	static
../Core/Src/main.c:759:7:Danalyze	40	static
../Core/Src/main.c:795:7:calculate_average	32	static
../Core/Src/main.c:805:6:DMA_Measure_com	24	static
../Core/Src/main.c:848:6:DMA_Measure	24	static
../Core/Src/main.c:889:5:ADC_SampleWithTemporaryChannel	48	static
../Core/Src/main.c:933:7:Sample_PA7_Average	24	static
../Core/Src/main.c:949:7:Sample_PA0_Average	24	static
../Core/Src/main.c:967:6:Sampling_waveform	48	static
../Core/Src/main.c:980:6:Determine_black_box	56	static
../Core/Src/main.c:1027:7:Sample_PA1_Average	24	static
../Core/Src/main.c:1045:5:BigRtest	32	static
../Core/Src/main.c:1078:6:Analyze_ADC_RC_TEST	104	static
../Core/Src/main.c:1169:6:Analyze_ADC_RL_TEST	80	static
../Core/Src/main.c:1239:7:Calculate_tau	80	static
../Core/Src/main.c:1315:5:evaluate_steady_state_fluctuation	32	static
../Core/Src/main.c:1333:5:evaluate_voltage_slope	104	static
../Core/Src/main.c:1417:7:Find_tau	72	static
../Core/Src/main.c:1484:5:main	24	static
../Core/Src/main.c:1562:6:SystemClock_Config	88	static
../Core/Src/main.c:1609:6:Error_Handler	4	static,ignoring_inline_asm
