../Core/Src/main.c:132:6:HAL_ADC_ConvCpltCallback	16	static
../Core/Src/main.c:139:6:HAL_ADC_ErrorCallback	16	static
../Core/Src/main.c:145:6:black_box_test	16	static
../Core/Src/main.c:161:6:GPIO_Set_HighZ	48	static
../Core/Src/main.c:178:6:GPIO_Set_High	48	static
../Core/Src/main.c:200:6:GPIO_Set_Low	48	static
../Core/Src/main.c:214:6:DMA_Measure	24	static
../Core/Src/main.c:254:6:Sampling_waveform	48	static
../Core/Src/main.c:267:6:Determine_black_box	56	static
../Core/Src/main.c:314:7:Sample_PA1_Average	24	static
../Core/Src/main.c:331:6:BigRtest	32	static
../Core/Src/main.c:364:6:Analyze_ADC_RC_TEST	104	static
../Core/Src/main.c:453:6:Analyze_ADC_RL_TEST	64	static
../Core/Src/main.c:515:5:evaluate_steady_state_fluctuation	32	static
../Core/Src/main.c:533:5:evaluate_voltage_slope	104	static
../Core/Src/main.c:616:7:Find_tau	72	static
../Core/Src/main.c:683:5:main	24	static
../Core/Src/main.c:762:6:SystemClock_Config	88	static
../Core/Src/main.c:812:6:Error_Handler	4	static,ignoring_inline_asm
