../Core/Src/main.c:202:6:HAL_ADC_ConvCpltCallback	16	static
../Core/Src/main.c:209:6:HAL_ADC_ErrorCallback	16	static
../Core/Src/main.c:215:6:black_box_test	16	static
../Core/Src/main.c:232:6:component_test	8	static
../Core/Src/main.c:256:6:GPIO_Set_HighZ	48	static
../Core/Src/main.c:274:6:GPIO_Set_High	48	static
../Core/Src/main.c:296:6:GPIO_Set_Low	48	static
../Core/Src/main.c:311:6:Determine_component	208	static
../Core/Src/main.c:510:7:Find_tau_com	80	static
../Core/Src/main.c:562:5:steady_test	32	static
../Core/Src/main.c:570:5:analyze_Vpicture	24	static
../Core/Src/main.c:580:5:Analyze_trend	104	static
../Core/Src/main.c:665:7:Danalyze	40	static
../Core/Src/main.c:701:7:calculate_average	32	static
../Core/Src/main.c:711:6:DMA_Measure_com	24	static
../Core/Src/main.c:754:6:DMA_Measure	24	static
../Core/Src/main.c:795:5:ADC_SampleWithTemporaryChannel	48	static
../Core/Src/main.c:834:7:Sample_PA7_Average	24	static
../Core/Src/main.c:850:7:Sample_PA0_Average	24	static
../Core/Src/main.c:868:6:Sampling_waveform	48	static
../Core/Src/main.c:881:6:Determine_black_box	56	static
../Core/Src/main.c:928:7:Sample_PA1_Average	24	static
../Core/Src/main.c:946:5:BigRtest	32	static
../Core/Src/main.c:979:6:Analyze_ADC_RC_TEST	104	static
../Core/Src/main.c:1070:6:Analyze_ADC_RL_TEST	80	static
../Core/Src/main.c:1140:7:Calculate_tau	80	static
../Core/Src/main.c:1216:5:evaluate_steady_state_fluctuation	32	static
../Core/Src/main.c:1234:5:evaluate_voltage_slope	104	static
../Core/Src/main.c:1318:7:Find_tau	72	static
../Core/Src/main.c:1385:5:main	24	static
../Core/Src/main.c:1463:6:SystemClock_Config	88	static
../Core/Src/main.c:1510:6:Error_Handler	4	static,ignoring_inline_asm
